// Jest Snapshot v1, https://goo.gl/fbAQLP

exports[`Footer Should render just the Home component 1`] = `
<Fragment>
  <HelmetWrapper
    defer={true}
    encodeSpecialCharacters={true}
  >
    <style>
      body { background-color: #000a3f; }
    </style>
  </HelmetWrapper>
  <div
    className="homee"
  >
    <div
      className="logDiv"
    >
      <p>
         
        <i
          className="fas free fa-stream"
        />
           
        <span>
          Store Manus
        </span>
      </p>
    </div>
    <div
      className="descriptiveDiv"
    >
      <h1
        className="description"
      >
        Reliable Store Manager
      </h1>
      <Link
        className="get-started-button"
        replace={false}
        to="/login"
      >
         
        <i
          className="far fa-hand-pointer"
        />
           Get Started
      </Link>
      <p
        className="description2"
      >
        simple to use
      </p>
    </div>
  </div>
  <Footer />
</Fragment>
`;
