// Jest Snapshot v1, https://goo.gl/fbAQLP

exports[`Admin Dashboard Should render just the Admin Dashboard component 1`] = `
<Fragment>
  <Navbar />
  <div
    className="dasboardDiv"
  >
    <Sidebar />
    <div
      className="dashboardDisplayDiv"
    >
      <TopBar />
      <div
        className="dasboard-display-div"
        id="testing"
        style={
          Object {
            "width": "90%",
          }
        }
      >
        <img
          alt=""
          id="shopping-cart"
          src="../../src/img/shopping-cart.jpg"
          style={
            Object {
              "marginTop": "5%",
              "width": "50%",
            }
          }
        />
      </div>
    </div>
  </div>
</Fragment>
`;
