// Jest Snapshot v1, https://goo.gl/fbAQLP

exports[`Header Should render just the homepage and footer 1`] = `
<Fragment>
  <Navbar />
  <div
    className="signupDiv"
    style={
      Object {
        "marginTop": "180px",
      }
    }
  >
    <form
      action=""
      className="signup-form"
    >
      <div>
        <input
          id="signInEmail"
          name="email"
          placeholder="Email"
          type="email"
        />
      </div>
      <div>
        <input
          id="signInPassword"
          name="password"
          placeholder="Password"
          type="password"
        />
      </div>
      <div
        className="signup-button-div"
      >
        <button
          className="link signin-button"
          type="submit"
        >
          SIGN IN
        </button>
      </div>
    </form>
  </div>
</Fragment>
`;
